Расчёт не выполнен: java.lang.ArrayIndexOutOfBoundsException
java.lang.ArrayIndexOutOfBoundsException
	at java.base/jdk.internal.reflect.NativeConstructorAccessorImpl.newInstance0(Native Method)
	at java.base/jdk.internal.reflect.NativeConstructorAccessorImpl.newInstance(NativeConstructorAccessorImpl.java:62)
	at java.base/jdk.internal.reflect.DelegatingConstructorAccessorImpl.newInstance(DelegatingConstructorAccessorImpl.java:45)
	at java.base/java.lang.reflect.Constructor.newInstance(Constructor.java:490)
	at java.base/java.util.concurrent.ForkJoinTask.getThrowableException(ForkJoinTask.java:603)
	at java.base/java.util.concurrent.ForkJoinTask.reportException(ForkJoinTask.java:678)
	at java.base/java.util.concurrent.ForkJoinTask.invoke(ForkJoinTask.java:737)
	at java.base/java.util.stream.ForEachOps$ForEachOp.evaluateParallel(ForEachOps.java:159)
	at java.base/java.util.stream.ForEachOps$ForEachOp$OfRef.evaluateParallel(ForEachOps.java:173)
	at java.base/java.util.stream.AbstractPipeline.evaluate(AbstractPipeline.java:233)
	at java.base/java.util.stream.ReferencePipeline.forEach(ReferencePipeline.java:497)
	at java.base/java.util.stream.ReferencePipeline$Head.forEach(ReferencePipeline.java:661)
	at ru.lct.heatnet.plan.DirectTies.connect(DirectTies.java:230)
	at ru.lct.heatnet.plan.VariantEnumerator.city(VariantEnumerator.java:641)
	at ru.lct.heatnet.plan.VariantEnumerator.run(VariantEnumerator.java:530)
	at ru.lct.heatnet.core.PipelineImpl.run(PipelineImpl.java:16)
	at ru.lct.heatnet.cli.CliRunner.execute(CliRunner.java:70)
	at ru.lct.heatnet.cli.CliRunner.run(CliRunner.java:51)
	at org.springframework.boot.SpringApplication.callRunner(SpringApplication.java:760)
	at org.springframework.boot.SpringApplication.callRunners(SpringApplication.java:750)
	at org.springframework.boot.SpringApplication.run(SpringApplication.java:309)
	at ru.lct.heatnet.HeatNetApplication.main(HeatNetApplication.java:20)
	at java.base/jdk.internal.reflect.NativeMethodAccessorImpl.invoke0(Native Method)
	at java.base/jdk.internal.reflect.NativeMethodAccessorImpl.invoke(NativeMethodAccessorImpl.java:62)
	at java.base/jdk.internal.reflect.DelegatingMethodAccessorImpl.invoke(DelegatingMethodAccessorImpl.java:43)
	at java.base/java.lang.reflect.Method.invoke(Method.java:566)
	at org.springframework.boot.loader.MainMethodRunner.run(MainMethodRunner.java:49)
	at org.springframework.boot.loader.Launcher.launch(Launcher.java:108)
	at org.springframework.boot.loader.Launcher.launch(Launcher.java:58)
	at org.springframework.boot.loader.JarLauncher.main(JarLauncher.java:88)
Caused by: java.lang.ArrayIndexOutOfBoundsException: Index 0 out of bounds for length 0
	at ru.lct.heatnet.plan.TieInFinder.lambda$bands$8(TieInFinder.java:355)
	at java.base/java.util.concurrent.ConcurrentHashMap.computeIfAbsent(ConcurrentHashMap.java:1737)
	at ru.lct.heatnet.plan.TieInFinder.bands(TieInFinder.java:340)
	at ru.lct.heatnet.plan.TieInFinder.pipeCandidate(TieInFinder.java:277)
	at ru.lct.heatnet.plan.TieInFinder.pipeCandidate(TieInFinder.java:263)
	at ru.lct.heatnet.plan.DirectTies.shared(DirectTies.java:279)
	at ru.lct.heatnet.plan.DirectTies.lambda$connect$1(DirectTies.java:230)
	at java.base/java.util.stream.ForEachOps$ForEachOp$OfRef.accept(ForEachOps.java:183)
	at java.base/java.util.ArrayList$ArrayListSpliterator.forEachRemaining(ArrayList.java:1655)
	at java.base/java.util.stream.AbstractPipeline.copyInto(AbstractPipeline.java:484)
	at java.base/java.util.stream.ForEachOps$ForEachTask.compute(ForEachOps.java:290)
	at java.base/java.util.concurrent.CountedCompleter.exec(CountedCompleter.java:746)
	at java.base/java.util.concurrent.ForkJoinTask.doExec(ForkJoinTask.java:290)
	at java.base/java.util.concurrent.ForkJoinPool$WorkQueue.topLevelExec(ForkJoinPool.java:1020)
	at java.base/java.util.concurrent.ForkJoinPool.scan(ForkJoinPool.java:1656)
	at java.base/java.util.concurrent.ForkJoinPool.runWorker(ForkJoinPool.java:1594)
	at java.base/java.util.concurrent.ForkJoinWorkerThread.run(ForkJoinWorkerThread.java:183)
        9.83 real        15.50 user         0.53 sys
           596099072  maximum resident set size
                   0  average shared memory size
                   0  average unshared data size
                   0  average unshared stack size
               38978  page reclaims
                   7  page faults
                   0  swaps
                   0  block input operations
                   0  block output operations
                   7  messages sent
                   7  messages received
                 322  signals received
                1222  voluntary context switches
               55118  involuntary context switches
         78231418636  instructions retired
         42143850679  cycles elapsed
           567791424  peak memory footprint
exit 1
